---
source: crates/cortex-server/src/tests/response_snapshot_tests.rs
expression: resp
---
{
  "schema_version": "context_pack.v1",
  "token_budget_tokens": 4000,
  "estimated_tokens": 2500,
  "truncated": false,
  "citations_required": true,
  "answerability_q16": 65535,
  "conflict_visibility_q16": 65535,
  "visible_conflict_count": 1,
  "cells": [
    {
      "cell_id": 1,
      "estimated_tokens": 120,
      "citation": "report_q1.pdf#page=3",
      "payload_text": "Solar Plant budget is 1.2B KZT",
      "explain": {
        "score": 95,
        "matched_terms": [
          "budget",
          "solar"
        ],
        "why_selected": "high lexical match",
        "score_components": [
          {
            "name": "base_bm25",
            "value": 80,
            "contribution": 80,
            "reason": "lexical relevance before bonuses and penalties"
          },
          {
            "name": "source_trust_bonus",
            "value": 10,
            "contribution": 10,
            "reason": "trusted source metadata increased the score"
          },
          {
            "name": "redundancy_penalty",
            "value": 0,
            "contribution": 0,
            "reason": "no redundancy penalty was applied"
          }
        ],
        "base_bm25": 80,
        "source_trust_q16": 60000,
        "source_trust_category": "official",
        "source_trust_bonus": 10,
        "redundancy_penalty": 0
      },
      "source_ref": {
        "source_id": "report_q1.pdf",
        "document_id": "doc-1",
        "page": 3,
        "cell_range": null,
        "json_path": null,
        "confidence_q16": 65535
      }
    }
  ],
  "anomalies": [
    {
      "cell_id": 1,
      "code": "token_overload",
      "message": "Cell exceeds token budget",
      "why_excluded": "excluded because estimated_tokens would exceed token_budget_tokens"
    },
    {
      "cell_id": null,
      "code": "scope_mismatch",
      "message": "Anomaly without cell association",
      "why_excluded": null
    }
  ]
}
