---
source: crates/cortex-server/src/tests/response_snapshot_tests.rs
expression: resp
---
{
  "current_seq": 42,
  "checkpoint_seq": 30,
  "live_segments": 3,
  "retired_segments": 1,
  "memtable_cells": 12,
  "memtable_versions": 15,
  "memtable_payload_bytes": 2048,
  "estimated_memtable_bytes": 4096,
  "estimated_index_bytes": 8192,
  "estimated_context_pack_bytes": 16384,
  "estimated_total_memory_bytes": 28672,
  "live_segment_bytes": 65536,
  "retired_segment_bytes": 8192,
  "total_segment_bytes": 73728,
  "durable_storage_bytes": 77824,
  "live_segment_payload_bytes": 20480,
  "logical_payload_bytes": 22528,
  "space_amplification_q16": 226395,
  "write_amplification_q16": 238718,
  "compaction_pressure_q16": 7281,
  "wal_size_bytes": 4096,
  "wal_writer_records": 100,
  "wal_writer_bytes": 8192,
  "wal_writer_fsyncs": 10,
  "wal_writer_batches": 5,
  "aql_query_cache": {
    "entries": 7,
    "max_entries": 128,
    "hits": 90,
    "misses": 10,
    "evictions": 2,
    "catalog_invalidations": 1,
    "hit_rate_q16": 58981
  },
  "backup_latest_age_seconds": 3600,
  "ann_graph_nodes": 120,
  "ann_total_edges": 540,
  "ann_persisted_segments": 2,
  "ann_has_checkpoint": true,
  "ann_has_uncheckpointed_changes": false,
  "ann_search_requests": 11,
  "ann_fallbacks": 2,
  "ann_no_fallback_requests": 4,
  "ann_no_fallback_allowed": 3,
  "ann_no_fallback_blocked": 1,
  "ann_search_latency_ms": {
    "count": 11,
    "sum_ms": 120,
    "le_10_ms": 5,
    "le_50_ms": 8,
    "le_100_ms": 10,
    "le_500_ms": 11,
    "le_1000_ms": 11,
    "gt_1000_ms": 0
  },
  "actor_queue_depth": 2,
  "actor_queue_capacity": 16,
  "active_readers": 0,
  "waiting_writers": 0,
  "request_count": 1000,
  "request_rejected": 3,
  "request_duration_ms_total": 120,
  "request_id_client_provided": 700,
  "request_id_generated": 300,
  "validation_failures": 1,
  "principal_quota_requests_allowed": 80,
  "principal_quota_requests_rejected": 4,
  "principal_quota_body_bytes_allowed": 4096,
  "principal_quota_body_bytes_rejected": 512,
  "principal_quota_queue_acquired": 70,
  "principal_quota_queue_rejected": 2,
  "compactions_triggered": 1,
  "compactions_completed": 1,
  "compaction_duration_ms_total": 42,
  "compaction_cells_compacted": 120,
  "compaction_input_bytes": 65536
}
