---
source: crates/cortex-server/src/tests/response_snapshot_tests.rs
assertion_line: 334
expression: resp
---
{
  "rows_ingested": 0,
  "chunks_ingested": 0,
  "facts_ingested": 0,
  "first_cell_id": null,
  "job_id": 1,
  "validation_report": {
    "cells_seen": 0,
    "warnings": [],
    "skipped_items": [
      {
        "reason": "no_cells_emitted",
        "input_ref": "ingest_text"
      }
    ],
    "source_refs": []
  }
}
