---
source: crates/cortex-server/src/tests/response_snapshot_tests.rs
expression: resp
---
{
  "rows_ingested": 3,
  "chunks_ingested": 3,
  "facts_ingested": 3,
  "first_cell_id": 1,
  "job_id": 1,
  "validation_report": {
    "cells_seen": 1,
    "warnings": [],
    "skipped_items": [],
    "source_refs": [
      {
        "cell_id": 1,
        "chunk_id": "memo.md#chunk-0001",
        "has_source_ref": true,
        "source_id": "memo.md",
        "source_url": "https://example.test/memo.md",
        "document_id": "memo.md",
        "page": 3,
        "row": 7,
        "cell_range": "memo.md#chunk-0001",
        "json_path": "$.items[0]",
        "confidence_q16": 32768
      }
    ]
  }
}
