---
source: crates/cortex-server/src/tests/response_snapshot_tests.rs
expression: resp
---
{
  "current_seq": 42,
  "checkpoint_seq": 30,
  "live_segments": 3,
  "retired_segments": 1,
  "memtable_cells": 12,
  "memtable_versions": 15,
  "memtable_payload_bytes": 2048,
  "estimated_memtable_bytes": 4096,
  "estimated_index_bytes": 8192,
  "estimated_context_pack_bytes": 16384,
  "estimated_total_memory_bytes": 28672,
  "live_segment_bytes": 65536,
  "retired_segment_bytes": 8192,
  "total_segment_bytes": 73728,
  "durable_storage_bytes": 77824,
  "live_segment_payload_bytes": 20480,
  "logical_payload_bytes": 22528,
  "space_amplification_q16": 226395,
  "write_amplification_q16": 238718,
  "compaction_pressure_q16": 7281,
  "wal_size_bytes": 4096,
  "wal_writer_records": 100,
  "wal_writer_bytes": 8192,
  "wal_writer_fsyncs": 10,
  "wal_writer_batches": 5
}
